// Jest Snapshot v1, https://goo.gl/fbAQLP

exports[`should render expense page correctly 1`] = `undefined`;
