// Jest Snapshot v1, https://goo.gl/fbAQLP

exports[`should render expense list with empty message 1`] = `
<div>
  <p>
    No expenses here
  </p>
</div>
`;

exports[`should render expense list with expenses 1`] = `
<div>
  <ExpenseListItem
    amount={195}
    createdAt={0}
    description="Hello 1"
    id="1"
    key="1"
    note=""
  />
  <ExpenseListItem
    amount={1095}
    createdAt={-345600000}
    description="Hllo 2"
    id="2"
    key="2"
    note="Rental"
  />
  <ExpenseListItem
    amount={19015}
    createdAt={345600000}
    description="Hello 3"
    id="3"
    key="3"
    note=""
  />
</div>
`;
